Geant4Data: required dataset G4EMLOW.8.0 not found
Geant4Data: required dataset G4ENSDFSTATE.2.3 not found
Geant4Data: required dataset G4PARTICLEXS.4.0 not found
Geant4Data: required dataset G4PhotonEvaporation.5.7 not found
Geant4Data: required dataset G4RadioactiveDecay.5.6 not found
Geant4Data: required dataset G4EMLOW.8.0 not found
Geant4Data: required dataset G4ENSDFSTATE.2.3 not found
Geant4Data: required dataset G4PARTICLEXS.4.0 not found
Geant4Data: required dataset G4PhotonEvaporation.5.7 not found
Geant4Data: required dataset G4RadioactiveDecay.5.6 not found
G4BL_DIR=/opt/G4beamline/G4beamline-3.08
Running "/opt/G4beamline/G4beamline-3.08/bin/g4bldata"
"/opt/G4beamline/G4beamline-3.08/bin/g4bldata" returns
G4ABLADATA=/home/alves-mesquita/Geant4Data/G4ABLA3.1
G4LEDATA=/opt/cern/geant/geant4.10.05.p01/share/Geant4-10.5.1/data/G4EMLOW7.7
G4ENSDFSTATEDATA=/opt/cern/geant/geant4.10.05.p01/share/Geant4-10.5.1/data/G4ENSDFSTATE2.2
G4INCLDATA=/home/alves-mesquita/Geant4Data/G4INCL1.0
G4NEUTRONHPDATA=/opt/cern/geant/geant4.10.05.p01/share/Geant4-10.5.1/data/G4NDL4.5
G4PARTICLEXSDATA=/opt/cern/geant/geant4.10.05.p01/share/Geant4-10.5.1/data/G4PARTICLEXS1.1
G4PIIDATA=/home/alves-mesquita/Geant4Data/G4PII1.3
G4LEVELGAMMADATA=/opt/cern/geant/geant4.10.05.p01/share/Geant4-10.5.1/data/PhotonEvaporation5.3
G4RADIOACTIVEDATA=/opt/cern/geant/geant4.10.05.p01/share/Geant4-10.5.1/data/RadioactiveDecay5.3
G4REALSURFACEDATA=/opt/cern/geant/geant4.10.05.p01/share/Geant4-10.5.1/data/RealSurface2.1.1
G4SAIDXSDATA=/home/alves-mesquita/Geant4Data/G4SAIDDATA2.0
G4beamline Process ID 72373

*************************************************************
 g4beamline version: 3.08                        (Aug 11 2022)
                      Copyright : Tom Roberts, Muons, Inc.
                        License : Gnu Public License
                            WWW : http://g4beamline.muonsinc.com

          ################################
          !!! G4Backtrace is activated !!!
          ################################


**************************************************************
 Geant4 version Name: geant4-11-00-patch-02 [MT]   (25-May-2022)
                       Copyright : Geant4 Collaboration
                      References : NIM A 506 (2003), 250-303
                                 : IEEE-TNS 53 (2006), 270-278
                                 : NIM A 835 (2016), 186-225
                             WWW : http://geant4.org/
**************************************************************

param        viewer        best,1
geometry                   nPoints=100 printGeometry=0 visual=0
                           tolerance=0.002
*	     cube  scintillateur  CsI
*
* Simple example g4beamline input file:
*	a some MeV gamma or e-  beam is sent towards scintillator detector
G4PhysListFactory::GetReferencePhysList <FTFP_BERT_PEN>  EMoption= 6
<<< Geant4 Physics List simulation engine: FTFP_BERT

G4VModularPhysicsList::ReplacePhysics: G4EmStandard with type : 2 is replaced with G4EmPenelope

physics      FTFP_BERT_PEN disable= inactivate= deactivate= doStochastics=1
                           fluct=1 minRangeCut=1 list=0 gammaToMuPair=0
                           spinTracking=0 synchrotronRadiation=0
                           synchrotronRadiationMuon=0 maxTime=1e+06
**************************************************************************
*** G4Exception: un-named arguments ignored
***    severity: Warning
***   issued by: param command
**************************************************************************
param        minStep       0.001
particlecolor              e+=0,0,1 e-=1,0,0 gamma=1,1,0
beam    GAUSSIAN particle=gamma nEvents=100000 firstEvent=-1 lastEvent=2147483647 beamX=0.0 beamY=0.0 beamZ=0.0 maxR=1000000.0 
		meanMomentum=0.1 weight=1.000000 
		sigmaX=0.1 sigmaY=0.1 sigmaZ=0.0 sigmaXp=0.00000 sigmaYp=0.00000 
		sigmaP=0.0 sigmaT=0.000 meanXp=0.00000 meanYp=0.00000 meanT=0.000 
material CsI    Mixture: 0.51*Cs+0.49*I
                density=4.510 temperature=273 pressure=1.0
material NaI    Mixture: 0.15*Na+0.85*I
                density=3.670 temperature=273 pressure=1.0
material Al     Z=13.00 A=26.98
                density=2.700 temperature=273 pressure=1.0
material water  Mixture: 0.11*H+0.89*O
                density=1.000 temperature=273 pressure=1.0
material Si     Z=14.00 A=28.00
                density=2.330 temperature=273 pressure=1.0
detector     plaquePb      radius=0 innerRadius=0 height=10 width=10 length=2
                           maxStep=100 material=Pb birks=0
                           color=0.8,0.8,0.8,0.2 solid= noSingles=0 format=
                           filename= file= require= referenceParticle=0
                           coordinates=Local coord=Local kill=0 perTrack=0
detector     detecteurSi   radius=0 innerRadius=0 height=10 width=10 length=2
                           maxStep=100 material=Si birks=0 color=0,1,0,0.2
                           solid= noSingles=0 format= filename= file= require=
                           referenceParticle=0 coordinates=Local coord=Local
                           kill=0 perTrack=0
place   plaquePb copies=1 x=0.0 y=0.0 z=2.0 rotation='X-30'
place   detecteurSi copies=1 x=0.0 y=-4.0 z=-2.0 rotation='X-90'
label                      text=NaI-scint color=1,1,1 size=12
                           coordinates=global file= line=0

World size (before incrementing by 201.357 mm): 10.0 H  10.0 W  14.0 L

PARAMETERS:
            Zcl=3
     deltaChord=3.0
deltaIntersection=0.1
   deltaOneStep=0.01
         epsMax=0.05
         epsMin=2.5e-7
 eventTimeLimit=30
    fieldVoxels=200,200,200
      histoFile=g4beamline
    histoUpdate=0
        maxStep=100.0
        minStep=0.001
 steppingFormat=N GLOBAL CL KE STEP VOL PROCESS
steppingVerbose=0
         viewer=best,1
 wallClockLimit=-1
  worldMaterial=Vacuum
     zTolerance=2.0
Checking overlaps for volume plaquePb:0 (G4Box) ... OK! 
BLCMDdetector::Construct plaquePb parent= relZ=2.0 globZ=1.7
**************************************************************************
*** G4Exception: GeomVol1002
***    severity: Warning
***   issued by: G4PVPlacement::CheckOverlaps()
*** description: Overlap with volume already placed !
          Overlap is detected for volume detecteurSi:0 (G4Box) with plaquePb:0 (G4Box)
          overlap at local point (2.58354,-3.1125,-0.6423) by 357.7 um  (max of 51 cases)
NOTE: Reached maximum fixed number -1- of overlaps reports for this volume !
**************************************************************************
BLCMDdetector::Construct detecteurSi parent= relZ=-2.0 globZ=4.0
Checking overlaps for volume detecteurSi:0 (G4Box) ... ### Adding tracking cuts for neutron  TimeCut(ns)= 10000  KinEnergyCut(MeV)= 0

Geometry test nPoints=100 tolerance=0.002 mm:
Testing geometry for children of group 'World':
**************************************************************************
*** G4Exception: Geometry Error
***    severity: Warning
***   issued by: geometry
*** description: detector 'detecteurSi' intersects detector 'plaquePb'
**************************************************************************
Total geometry errors = 1  0 seconds

================== Prepare Visualization ==================
Stochastic processes are enabled.
Available UI session types: [ Qt, tcsh, csh ]
Visualization Manager instantiating with verbosity "warnings (3)"...
Visualization Manager initialising...
Registering graphics systems...

You have successfully registered the following graphics systems.
Registered graphics systems are:
  ASCIITree (ATree)
  DAWNFILE (DAWNFILE)
  G4HepRepFile (HepRepFile)
  RayTracer (RayTracer)
  VRML2FILE (VRML2FILE)
  gMocrenFile (gMocrenFile)
  OpenGLImmediateQt (OGLIQt, OGLI)
  OpenGLStoredQt (OGLSQt, OGL, OGLS)
  OpenGLImmediateX (OGLIX, OGLIQt_FALLBACK)
  OpenGLStoredX (OGLSX, OGLSQt_FALLBACK)
  RayTracerX (RayTracerX)

Registering model factories...

You have successfully registered the following model factories.
Registered model factories:
  generic
  drawByAttribute
  drawByCharge
  drawByOriginVolume
  drawByParticleID
  drawByEncounteredVolume

Registered models:
  None

Registered filter factories:
  attributeFilter
  chargeFilter
  originVolumeFilter
  particleFilter
  encounteredVolumeFilter

Registered filters:
  None

You have successfully registered the following user vis actions.
Run Duration User Vis Actions: none
End of Event User Vis Actions: none
End of Run User Vis Actions: none

Some /vis commands (optionally) take a string to specify colour.
"/vis/list" to see available colours.

Selected visualization viewer: Qt
BLVisManager init: /vis/open OGLSQt
BLVisManager init: /vis/viewer/set/auxiliaryEdge true
BLVisManager init: /vis/viewer/set/style surface
BLVisManager init: /vis/viewer/set/viewpointThetaPhi 0 0 deg
BLVisManager init: /vis/drawVolume
BLVisManager init: /tracking/storeTrajectory 1
BLVisManager init: /vis/scene/add/trajectories
/tracking/storeTrajectory 1
Attributes available for modeling and filtering with
  "/vis/modeling/trajectories/create/drawByAttribute" and
  "/vis/filtering/trajectories/create/attributeFilter" commands:
G4TrajectoriesModel:
  Event ID (EventID): G4int
  Run ID (RunID): G4int
G4Trajectory:
  Charge (Ch): unit: e+ (G4double)
  Track ID (ID): G4int
  Initial kinetic energy (IKE): G4BestUnit (G4double)
  Initial momentum magnitude (IMag): G4BestUnit (G4double)
  Initial momentum (IMom): G4BestUnit (G4ThreeVector)
  No. of points (NTP): G4int
  PDG Encoding (PDG): G4int
  Parent ID (PID): G4int
  Particle Name (PN): G4String
G4TrajectoryPoint:
  Position (Pos): G4BestUnit (G4ThreeVector)
WARNING: Trajectory storing has been requested.  This action may be
  reversed with "/tracking/storeTrajectory 0".
BLVisManager init: /vis/scene/endOfEventAction accumulate -1
WARNING: The vis manager will keep an unlimited number of events.
  This may use a lot of memory.
  It may be changed with, e.g., "/vis/scene/endOfEventAction accumulate 10".
BLVisManager init: /vis/viewer/set/hiddenMarker true

WARNING: No extent set for user vis action "DrawMarkers".
WARNING: User Vis Action "DrawMarkers" extent is null.
 Changing export format to "jpg"

Graphics systems deleted.
Visualization Manager deleting...

Exceptions: 0 Fatal, 0 Events Aborted, 0 Stuck Tracks (stopped), 3 Warnings
      1 times: GeomVol1002
      1 times: Geometry Error
      1 times: un-named arguments ignored
g4beamline: simulation complete
